// Jest Snapshot v1, https://goo.gl/fbAQLP

exports[`v4 validate options should throw an error on the "angle" option with "false" value 1`] = `
"Invalid options object. Image Rotate Loader has been initialized using an options object that does not match the API schema.
 - options.angle should be a number.
   -> The angle to rotate the input image. Or \`undefined\` which will use the EXIF \`Orientation\` tag. Default to \`undefined\`"
`;

exports[`v4 validate options should throw an error on the "angle" option with false value 1`] = `
"Invalid options object. Image Rotate Loader has been initialized using an options object that does not match the API schema.
 - options.angle should be a number.
   -> The angle to rotate the input image. Or \`undefined\` which will use the EXIF \`Orientation\` tag. Default to \`undefined\`"
`;

exports[`v4 validate options should throw an error on the "background" option with 9 value 1`] = `
"Invalid options object. Image Rotate Loader has been initialized using an options object that does not match the API schema.
 - options.background should be one of these:
   string | object { … }
   -> The background color of the output image if the image is rotated by an angle other than multiples of 90. Default to \`\\"#000000\\"\`
   Details:
    * options.background should be a string.
    * options.background should be an object:
      object { … }"
`;

exports[`v4 validate options should throw an error on the "background" option with false value 1`] = `
"Invalid options object. Image Rotate Loader has been initialized using an options object that does not match the API schema.
 - options.background should be one of these:
   string | object { … }
   -> The background color of the output image if the image is rotated by an angle other than multiples of 90. Default to \`\\"#000000\\"\`
   Details:
    * options.background should be a string.
    * options.background should be an object:
      object { … }"
`;

exports[`v5 validate options should throw an error on the "angle" option with "false" value 1`] = `
"Invalid options object. Image Rotate Loader has been initialized using an options object that does not match the API schema.
 - options.angle should be a number.
   -> The angle to rotate the input image. Or \`undefined\` which will use the EXIF \`Orientation\` tag. Default to \`undefined\`"
`;

exports[`v5 validate options should throw an error on the "angle" option with false value 1`] = `
"Invalid options object. Image Rotate Loader has been initialized using an options object that does not match the API schema.
 - options.angle should be a number.
   -> The angle to rotate the input image. Or \`undefined\` which will use the EXIF \`Orientation\` tag. Default to \`undefined\`"
`;

exports[`v5 validate options should throw an error on the "background" option with 9 value 1`] = `
"Invalid options object. Image Rotate Loader has been initialized using an options object that does not match the API schema.
 - options.background should be one of these:
   string | object { … }
   -> The background color of the output image if the image is rotated by an angle other than multiples of 90. Default to \`\\"#000000\\"\`
   Details:
    * options.background should be a string.
    * options.background should be an object:
      object { … }"
`;

exports[`v5 validate options should throw an error on the "background" option with false value 1`] = `
"Invalid options object. Image Rotate Loader has been initialized using an options object that does not match the API schema.
 - options.background should be one of these:
   string | object { … }
   -> The background color of the output image if the image is rotated by an angle other than multiples of 90. Default to \`\\"#000000\\"\`
   Details:
    * options.background should be a string.
    * options.background should be an object:
      object { … }"
`;
